src/components/templates/NewTemplateDialog.tsx(34,58): error TS2741: Property 'key' is missing in type '{ label: string; type: "text"; }' but required in type 'TemplateField'.
src/components/templates/NewTemplateDialog.tsx(40,16): error TS2741: Property 'key' is missing in type '{ label: string; type: "text"; }' but required in type 'TemplateField'.
src/components/templates/NewTemplateDialog.tsx(94,40): error TS2345: Argument of type '(f: TemplateField[]) => (TemplateField[] | { label: string; type: "text"; })[]' is not assignable to parameter of type 'SetStateAction<TemplateField[]>'.
  Type '(f: TemplateField[]) => (TemplateField[] | { label: string; type: "text"; })[]' is not assignable to type '(prevState: TemplateField[]) => TemplateField[]'.
    Type '(TemplateField[] | { label: string; type: "text"; })[]' is not assignable to type 'TemplateField[]'.
      Type 'TemplateField[] | { label: string; type: "text"; }' is not assignable to type 'TemplateField'.
        Type 'TemplateField[]' is missing the following properties from type 'TemplateField': key, label, type
src/routes/index.tsx(10,25): error TS2307: Cannot find module '@/pages/DocFlow/DocFlowList' or its corresponding type declarations.
src/routes/index.tsx(11,27): error TS2307: Cannot find module '@/pages/DocFlow/create' or its corresponding type declarations.
src/routes/index.tsx(12,27): error TS2307: Cannot find module '@/pages/DocFlow/update' or its corresponding type declarations.
